../Core/Src/main.c:70:13:LED_Task	24	static
../Core/Src/main.c:95:10:read_button	8	static
../Core/Src/main.c:102:13:Switch_Task	32	static
../Core/Src/main.c:127:6:HAL_UART_RxCpltCallback	16	static
../Core/Src/main.c:136:6:UART_Task	24	static
../Core/Src/main.c:167:5:main	16	static
../Core/Src/main.c:216:6:SystemClock_Config	72	static
../Core/Src/main.c:256:13:MX_USART1_UART_Init	8	static
../Core/Src/main.c:289:13:MX_GPIO_Init	40	static
../Core/Src/main.c:328:6:Error_Handler	4	static,ignoring_inline_asm
