Archive member included to satisfy reference by file (symbol)

O:/STM32CubeIDE_1.13.2/STM32CubeIDE/plugins/com.st.stm32cube.ide.mcu.externaltools.gnu-tools-for-stm32.11.3.rel1.win32_1.1.1.202309131626/tools/bin/../lib/gcc/arm-none-eabi/11.3.1/../../../../arm-none-eabi/lib/thumb/v7-m/nofp\libc_nano.a(libc_a-exit.o)
                              O:/STM32CubeIDE_1.13.2/STM32CubeIDE/plugins/com.st.stm32cube.ide.mcu.externaltools.gnu-tools-for-stm32.11.3.rel1.win32_1.1.1.202309131626/tools/bin/../lib/gcc/arm-none-eabi/11.3.1/../../../../arm-none-eabi/lib/thumb/v7-m/nofp/crt0.o (exit)
O:/STM32CubeIDE_1.13.2/STM32CubeIDE/plugins/com.st.stm32cube.ide.mcu.externaltools.gnu-tools-for-stm32.11.3.rel1.win32_1.1.1.202309131626/tools/bin/../lib/gcc/arm-none-eabi/11.3.1/../../../../arm-none-eabi/lib/thumb/v7-m/nofp\libc_nano.a(libc_a-findfp.o)
                              O:/STM32CubeIDE_1.13.2/STM32CubeIDE/plugins/com.st.stm32cube.ide.mcu.externaltools.gnu-tools-for-stm32.11.3.rel1.win32_1.1.1.202309131626/tools/bin/../lib/gcc/arm-none-eabi/11.3.1/../../../../arm-none-eabi/lib/thumb/v7-m/nofp\libc_nano.a(libc_a-exit.o) (__stdio_exit_handler)
O:/STM32CubeIDE_1.13.2/STM32CubeIDE/plugins/com.st.stm32cube.ide.mcu.externaltools.gnu-tools-for-stm32.11.3.rel1.win32_1.1.1.202309131626/tools/bin/../lib/gcc/arm-none-eabi/11.3.1/../../../../arm-none-eabi/lib/thumb/v7-m/nofp\libc_nano.a(libc_a-fwalk.o)
                              O:/STM32CubeIDE_1.13.2/STM32CubeIDE/plugins/com.st.stm32cube.ide.mcu.externaltools.gnu-tools-for-stm32.11.3.rel1.win32_1.1.1.202309131626/tools/bin/../lib/gcc/arm-none-eabi/11.3.1/../../../../arm-none-eabi/lib/thumb/v7-m/nofp\libc_nano.a(libc_a-findfp.o) (_fwalk_sglue)
O:/STM32CubeIDE_1.13.2/STM32CubeIDE/plugins/com.st.stm32cube.ide.mcu.externaltools.gnu-tools-for-stm32.11.3.rel1.win32_1.1.1.202309131626/tools/bin/../lib/gcc/arm-none-eabi/11.3.1/../../../../arm-none-eabi/lib/thumb/v7-m/nofp\libc_nano.a(libc_a-stdio.o)
                              O:/STM32CubeIDE_1.13.2/STM32CubeIDE/plugins/com.st.stm32cube.ide.mcu.externaltools.gnu-tools-for-stm32.11.3.rel1.win32_1.1.1.202309131626/tools/bin/../lib/gcc/arm-none-eabi/11.3.1/../../../../arm-none-eabi/lib/thumb/v7-m/nofp\libc_nano.a(libc_a-findfp.o) (__sread)
O:/STM32CubeIDE_1.13.2/STM32CubeIDE/plugins/com.st.stm32cube.ide.mcu.externaltools.gnu-tools-for-stm32.11.3.rel1.win32_1.1.1.202309131626/tools/bin/../lib/gcc/arm-none-eabi/11.3.1/../../../../arm-none-eabi/lib/thumb/v7-m/nofp\libc_nano.a(libc_a-memset.o)
                              O:/STM32CubeIDE_1.13.2/STM32CubeIDE/plugins/com.st.stm32cube.ide.mcu.externaltools.gnu-tools-for-stm32.11.3.rel1.win32_1.1.1.202309131626/tools/bin/../lib/gcc/arm-none-eabi/11.3.1/../../../../arm-none-eabi/lib/thumb/v7-m/nofp/crt0.o (memset)
O:/STM32CubeIDE_1.13.2/STM32CubeIDE/plugins/com.st.stm32cube.ide.mcu.externaltools.gnu-tools-for-stm32.11.3.rel1.win32_1.1.1.202309131626/tools/bin/../lib/gcc/arm-none-eabi/11.3.1/../../../../arm-none-eabi/lib/thumb/v7-m/nofp\libc_nano.a(libc_a-closer.o)
                              O:/STM32CubeIDE_1.13.2/STM32CubeIDE/plugins/com.st.stm32cube.ide.mcu.externaltools.gnu-tools-for-stm32.11.3.rel1.win32_1.1.1.202309131626/tools/bin/../lib/gcc/arm-none-eabi/11.3.1/../../../../arm-none-eabi/lib/thumb/v7-m/nofp\libc_nano.a(libc_a-stdio.o) (_close_r)
O:/STM32CubeIDE_1.13.2/STM32CubeIDE/plugins/com.st.stm32cube.ide.mcu.externaltools.gnu-tools-for-stm32.11.3.rel1.win32_1.1.1.202309131626/tools/bin/../lib/gcc/arm-none-eabi/11.3.1/../../../../arm-none-eabi/lib/thumb/v7-m/nofp\libc_nano.a(libc_a-reent.o)
                              O:/STM32CubeIDE_1.13.2/STM32CubeIDE/plugins/com.st.stm32cube.ide.mcu.externaltools.gnu-tools-for-stm32.11.3.rel1.win32_1.1.1.202309131626/tools/bin/../lib/gcc/arm-none-eabi/11.3.1/../../../../arm-none-eabi/lib/thumb/v7-m/nofp\libc_nano.a(libc_a-closer.o) (errno)
O:/STM32CubeIDE_1.13.2/STM32CubeIDE/plugins/com.st.stm32cube.ide.mcu.externaltools.gnu-tools-for-stm32.11.3.rel1.win32_1.1.1.202309131626/tools/bin/../lib/gcc/arm-none-eabi/11.3.1/../../../../arm-none-eabi/lib/thumb/v7-m/nofp\libc_nano.a(libc_a-impure.o)
                              O:/STM32CubeIDE_1.13.2/STM32CubeIDE/plugins/com.st.stm32cube.ide.mcu.externaltools.gnu-tools-for-stm32.11.3.rel1.win32_1.1.1.202309131626/tools/bin/../lib/gcc/arm-none-eabi/11.3.1/../../../../arm-none-eabi/lib/thumb/v7-m/nofp\libc_nano.a(libc_a-reent.o) (_impure_ptr)
O:/STM32CubeIDE_1.13.2/STM32CubeIDE/plugins/com.st.stm32cube.ide.mcu.externaltools.gnu-tools-for-stm32.11.3.rel1.win32_1.1.1.202309131626/tools/bin/../lib/gcc/arm-none-eabi/11.3.1/../../../../arm-none-eabi/lib/thumb/v7-m/nofp\libc_nano.a(libc_a-lseekr.o)
                              O:/STM32CubeIDE_1.13.2/STM32CubeIDE/plugins/com.st.stm32cube.ide.mcu.externaltools.gnu-tools-for-stm32.11.3.rel1.win32_1.1.1.202309131626/tools/bin/../lib/gcc/arm-none-eabi/11.3.1/../../../../arm-none-eabi/lib/thumb/v7-m/nofp\libc_nano.a(libc_a-stdio.o) (_lseek_r)
[...]
Memory Configuration

Name             Origin             Length             Attributes
RAM              0x0000000020000000 0x0000000000005000 xrw
FLASH            0x0000000008000000 0x0000000000010000 xr
*default*        0x0000000000000000 0xffffffffffffffff

Linker script and memory map

LOAD O:/STM32CubeIDE_1.13.2/STM32CubeIDE/plugins/com.st.stm32cube.ide.mcu.externaltools.gnu-tools-for-stm32.11.3.rel1.win32_1.1.1.202309131626/tools/bin/../lib/gcc/arm-none-eabi/11.3.1/thumb/v7-m/nofp/crti.o
LOAD O:/STM32CubeIDE_1.13.2/STM32CubeIDE/plugins/com.st.stm32cube.ide.mcu.externaltools.gnu-tools-for-stm32.11.3.rel1.win32_1.1.1.202309131626/tools/bin/../lib/gcc/arm-none-eabi/11.3.1/thumb/v7-m/nofp/crtbegin.o
LOAD O:/STM32CubeIDE_1.13.2/STM32CubeIDE/plugins/com.st.stm32cube.ide.mcu.externaltools.gnu-tools-for-stm32.11.3.rel1.win32_1.1.1.202309131626/tools/bin/../lib/gcc/arm-none-eabi/11.3.1/../../../../arm-none-eabi/lib/thumb/v7-m/nofp/crt0.o
LOAD ./Core/Src/main.o
LOAD ./Core/Src/stm32f1xx_hal_msp.o
LOAD ./Core/Src/stm32f1xx_it.o
LOAD ./Core/Src/syscalls.o
LOAD ./Core/Src/sysmem.o
LOAD ./Core/Src/system_stm32f1xx.o
LOAD ./Core/Startup/startup_stm32f103c8tx.o
LOAD ./Drivers/STM32F1xx_HAL_Driver/Src/stm32f1xx_hal.o
LOAD ./Drivers/STM32F1xx_HAL_Driver/Src/stm32f1xx_hal_cortex.o
LOAD ./Drivers/STM32F1xx_HAL_Driver/Src/stm32f1xx_hal_dma.o
LOAD ./Drivers/STM32F1xx_HAL_Driver/Src/stm32f1xx_hal_exti.o
LOAD ./Drivers/STM32F1xx_HAL_Driver/Src/stm32f1xx_hal_flash.o
LOAD ./Drivers/STM32F1xx_HAL_Driver/Src/stm32f1xx_hal_flash_ex.o
LOAD ./Drivers/STM32F1xx_HAL_Driver/Src/stm32f1xx_hal_gpio.o
LOAD ./Drivers/STM32F1xx_HAL_Driver/Src/stm32f1xx_hal_gpio_ex.o
LOAD ./Drivers/STM32F1xx_HAL_Driver/Src/stm32f1xx_hal_pwr.o
LOAD ./Drivers/STM32F1xx_HAL_Driver/Src/stm32f1xx_hal_rcc.o
LOAD ./Drivers/STM32F1xx_HAL_Driver/Src/stm32f1xx_hal_rcc_ex.o
LOAD ./Drivers/STM32F1xx_HAL_Driver/Src/stm32f1xx_hal_tim.o
LOAD ./Drivers/STM32F1xx_HAL_Driver/Src/stm32f1xx_hal_tim_ex.o
LOAD ./Drivers/STM32F1xx_HAL_Driver/Src/stm32f1xx_hal_uart.o
START GROUP
LOAD O:/STM32CubeIDE_1.13.2/STM32CubeIDE/plugins/com.st.stm32cube.ide.mcu.externaltools.gnu-tools-for-stm32.11.3.rel1.win32_1.1.1.202309131626/tools/bin/../lib/gcc/arm-none-eabi/11.3.1/../../../../arm-none-eabi/lib/thumb/v7-m/nofp\libc_nano.a
LOAD O:/STM32CubeIDE_1.13.2/STM32CubeIDE/plugins/com.st.stm32cube.ide.mcu.externaltools.gnu-tools-for-stm32.11.3.rel1.win32_1.1.1.202309131626/tools/bin/../lib/gcc/arm-none-eabi/11.3.1/../../../../arm-none-eabi/lib/thumb/v7-m/nofp\libm.a
END GROUP
START GROUP
LOAD O:/STM32CubeIDE_1.13.2/STM32CubeIDE/plugins/com.st.stm32cube.ide.mcu.externaltools.gnu-tools-for-stm32.11.3.rel1.win32_1.1.1.202309131626/tools/bin/../lib/gcc/arm-none-eabi/11.3.1/thumb/v7-m/nofp\libgcc.a
LOAD O:/STM32CubeIDE_1.13.2/STM32CubeIDE/plugins/com.st.stm32cube.ide.mcu.externaltools.gnu-tools-for-stm32.11.3.rel1.win32_1.1.1.202309131626/tools/bin/../lib/gcc/arm-none-eabi/11.3.1/../../../../arm-none-eabi/lib/thumb/v7-m/nofp\libc_nano.a
END GROUP
START GROUP
LOAD O:/STM32CubeIDE_1.13.2/STM32CubeIDE/plugins/com.st.stm32cube.ide.mcu.externaltools.gnu-tools-for-stm32.11.3.rel1.win32_1.1.1.202309131626/tools/bin/../lib/gcc/arm-none-eabi/11.3.1/thumb/v7-m/nofp\libgcc.a
LOAD O:/STM32CubeIDE_1.13.2/STM32CubeIDE/plugins/com.st.stm32cube.ide.mcu.externaltools.gnu-tools-for-stm32.11.3.rel1.win32_1.1.1.202309131626/tools/bin/../lib/gcc/arm-none-eabi/11.3.1/../../../../arm-none-eabi/lib/thumb/v7-m/nofp\libc_nano.a
LOAD O:/STM32CubeIDE_1.13.2/STM32CubeIDE/plugins/com.st.stm32cube.ide.mcu.externaltools.gnu-tools-for-stm32.11.3.rel1.win32_1.1.1.202309131626/tools/bin/../lib/gcc/arm-none-eabi/11.3.1/../../../../arm-none-eabi/lib/thumb/v7-m/nofp\libnosys.a
END GROUP
START GROUP
LOAD O:/STM32CubeIDE_1.13.2/STM32CubeIDE/plugins/com.st.stm32cube.ide.mcu.externaltools.gnu-tools-for-stm32.11.3.rel1.win32_1.1.1.202309131626/tools/bin/../lib/gcc/arm-none-eabi/11.3.1/thumb/v7-m/nofp\libgcc.a
LOAD O:/STM32CubeIDE_1.13.2/STM32CubeIDE/plugins/com.st.stm32cube.ide.mcu.externaltools.gnu-tools-for-stm32.11.3.rel1.win32_1.1.1.202309131626/tools/bin/../lib/gcc/arm-none-eabi/11.3.1/../../../../arm-none-eabi/lib/thumb/v7-m/nofp\libc_nano.a
LOAD O:/STM32CubeIDE_1.13.2/STM32CubeIDE/plugins/com.st.stm32cube.ide.mcu.externaltools.gnu-tools-for-stm32.11.3.rel1.win32_1.1.1.202309131626/tools/bin/../lib/gcc/arm-none-eabi/11.3.1/../../../../arm-none-eabi/lib/thumb/v7-m/nofp\libnosys.a
END GROUP
LOAD O:/STM32CubeIDE_1.13.2/STM32CubeIDE/plugins/com.st.stm32cube.ide.mcu.externaltools.gnu-tools-for-stm32.11.3.rel1.win32_1.1.1.202309131626/tools/bin/../lib/gcc/arm-none-eabi/11.3.1/thumb/v7-m/nofp/crtend.o
LOAD O:/STM32CubeIDE_1.13.2/STM32CubeIDE/plugins/com.st.stm32cube.ide.mcu.externaltools.gnu-tools-for-stm32.11.3.rel1.win32_1.1.1.202309131626/tools/bin/../lib/gcc/arm-none-eabi/11.3.1/thumb/v7-m/nofp/crtn.o
                0x0000000020005000                _estack = (ORIGIN (RAM) + LENGTH (RAM))
                0x0000000000000200                _Min_Heap_Size = 0x200
                0x0000000000000400                _Min_Stack_Size = 0x400

.isr_vector     0x0000000008000000      0x10c
                0x0000000008000000                . = ALIGN (0x4)
 *(.isr_vector)
 .isr_vector    0x0000000008000000      0x10c ./Core/Startup/startup_stm32f103c8tx.o
                0x0000000008000000                g_pfnVectors
                0x000000000800010c                . = ALIGN (0x4)

.text           0x000000000800010c     0x214c
                0x000000000800010c                . = ALIGN (0x4)
 *(.text)
 .text          0x000000000800010c       0x40 O:/STM32CubeIDE_1.13.2/STM32CubeIDE/plugins/com.st.stm32cube.ide.mcu.externaltools.gnu-tools-for-stm32.11.3.rel1.win32_1.1.1.202309131626/tools/bin/../lib/gcc/arm-none-eabi/11.3.1/thumb/v7-m/nofp/crtbegin.o
 *(.text*)
 .text.LED_Task
                0x000000000800014c       0x64 ./Core/Src/main.o
 .text.read_button
                0x00000000080001b0       0x20 ./Core/Src/main.o
                0x00000000080001b0                read_button
 .text.Switch_Task
                0x00000000080001d0       0x54 ./Core/Src/main.o
 .text.HAL_UART_RxCpltCallback
                0x0000000008000224       0x40 ./Core/Src/main.o
                0x0000000008000224                HAL_UART_RxCpltCallback
 .text.UART_Task
                0x0000000008000264       0x6c ./Core/Src/main.o
 .text.main     0x00000000080002d0       0xa4 ./Core/Src/main.o
                0x00000000080002d0                main
 .text.SystemClock_Config
                0x0000000008000374       0x8a ./Core/Src/main.o
                0x0000000008000374                SystemClock_Config
 *fill*         0x00000000080003fe        0x2 
 .text.MX_USART1_UART_Init
                0x0000000008000400       0x54 ./Core/Src/main.o
 .text.MX_GPIO_Init
                0x0000000008000454       0xb4 ./Core/Src/main.o
 .text.Error_Handler
                0x0000000008000508        0xa ./Core/Src/main.o
                0x0000000008000508                Error_Handler
 *fill*         0x0000000008000512        0x2 
 .text.HAL_MspInit
                0x0000000008000514       0x64 ./Core/Src/stm32f1xx_hal_msp.o
                0x0000000008000514                HAL_MspInit
 .text.HAL_UART_MspInit
                0x0000000008000578       0xa8 ./Core/Src/stm32f1xx_hal_msp.o
                0x0000000008000578                HAL_UART_MspInit
 .text.NMI_Handler
                0x0000000008000620        0x6 ./Core/Src/stm32f1xx_it.o
                0x0000000008000620                NMI_Handler
 .text.HardFault_Handler
                0x0000000008000626        0x6 ./Core/Src/stm32f1xx_it.o
                0x0000000008000626                HardFault_Handler
 .text.MemManage_Handler
                0x000000000800062c        0x6 ./Core/Src/stm32f1xx_it.o
                0x000000000800062c                MemManage_Handler
 .text.BusFault_Handler
                0x0000000008000632        0x6 ./Core/Src/stm32f1xx_it.o
                0x0000000008000632                BusFault_Handler
 .text.UsageFault_Handler
                0x0000000008000638        0x6 ./Core/Src/stm32f1xx_it.o
                0x0000000008000638                UsageFault_Handler
 .text.SVC_Handler
                0x000000000800063e        0xc ./Core/Src/stm32f1xx_it.o
                0x000000000800063e                SVC_Handler
 .text.DebugMon_Handler
                0x000000000800064a        0xc ./Core/Src/stm32f1xx_it.o
                0x000000000800064a                DebugMon_Handler
 .text.PendSV_Handler
                0x0000000008000656        0xc ./Core/Src/stm32f1xx_it.o
                0x0000000008000656                PendSV_Handler
 .text.SysTick_Handler
                0x0000000008000662        0xc ./Core/Src/stm32f1xx_it.o
                0x0000000008000662                SysTick_Handler
 *fill*         0x000000000800066e        0x2 
 .text.USART1_IRQHandler
                0x0000000008000670       0x14 ./Core/Src/stm32f1xx_it.o
                0x0000000008000670                USART1_IRQHandler
 .text.SystemInit
                0x0000000008000684        0xc ./Core/Src/system_stm32f1xx.o
                0x0000000008000684                SystemInit
 .text.Reset_Handler
                0x0000000008000690       0x48 ./Core/Startup/startup_stm32f103c8tx.o
                0x0000000008000690                Reset_Handler
 .text.Default_Handler
                0x00000000080006d8        0x2 ./Core/Startup/startup_stm32f103c8tx.o
                0x00000000080006d8                RTC_Alarm_IRQHandler
                0x00000000080006d8                EXTI2_IRQHandler
                0x00000000080006d8                TIM1_CC_IRQHandler
                0x00000000080006d8                PVD_IRQHandler
                0x00000000080006d8                EXTI3_IRQHandler
                0x00000000080006d8                EXTI0_IRQHandler
                0x00000000080006d8                I2C2_EV_IRQHandler
                0x00000000080006d8                ADC1_2_IRQHandler
                0x00000000080006d8                SPI1_IRQHandler
                0x00000000080006d8                TAMPER_IRQHandler
                0x00000000080006d8                DMA1_Channel4_IRQHandler
                0x00000000080006d8                USART3_IRQHandler
                0x00000000080006d8                RTC_IRQHandler
                0x00000000080006d8                DMA1_Channel7_IRQHandler
                0x00000000080006d8                CAN1_RX1_IRQHandler
                0x00000000080006d8                TIM4_IRQHandler
                0x00000000080006d8                I2C1_EV_IRQHandler
                0x00000000080006d8                DMA1_Channel6_IRQHandler
                0x00000000080006d8                TIM3_IRQHandler
                0x00000000080006d8                RCC_IRQHandler
                0x00000000080006d8                TIM1_TRG_COM_IRQHandler
                0x00000000080006d8                DMA1_Channel1_IRQHandler
                0x00000000080006d8                Default_Handler
                0x00000000080006d8                EXTI15_10_IRQHandler
                0x00000000080006d8                EXTI9_5_IRQHandler
                0x00000000080006d8                SPI2_IRQHandler
                0x00000000080006d8                DMA1_Channel5_IRQHandler
                0x00000000080006d8                EXTI4_IRQHandler
                0x00000000080006d8                USB_LP_CAN1_RX0_IRQHandler
                0x00000000080006d8                USB_HP_CAN1_TX_IRQHandler
                0x00000000080006d8                DMA1_Channel3_IRQHandler
                0x00000000080006d8                TIM1_UP_IRQHandler
                0x00000000080006d8                WWDG_IRQHandler
                0x00000000080006d8                TIM2_IRQHandler
                0x00000000080006d8                TIM1_BRK_IRQHandler
                0x00000000080006d8                EXTI1_IRQHandler
                0x00000000080006d8                USART2_IRQHandler
                0x00000000080006d8                I2C2_ER_IRQHandler
                0x00000000080006d8                DMA1_Channel2_IRQHandler
                0x00000000080006d8                CAN1_SCE_IRQHandler
                0x00000000080006d8                FLASH_IRQHandler
                0x00000000080006d8                I2C1_ER_IRQHandler
                0x00000000080006d8                USBWakeUp_IRQHandler
 *fill*         0x00000000080006da        0x2 
 .text.HAL_Init
                0x00000000080006dc       0x2c ./Drivers/STM32F1xx_HAL_Driver/Src/stm32f1xx_hal.o
                0x00000000080006dc                HAL_Init
 .text.HAL_InitTick
                0x0000000008000708       0x60 ./Drivers/STM32F1xx_HAL_Driver/Src/stm32f1xx_hal.o
                0x0000000008000708                HAL_InitTick
 .text.HAL_IncTick
                0x0000000008000768       0x24 ./Drivers/STM32F1xx_HAL_Driver/Src/stm32f1xx_hal.o
                0x0000000008000768                HAL_IncTick
 .text.HAL_GetTick
                0x000000000800078c       0x14 ./Drivers/STM32F1xx_HAL_Driver/Src/stm32f1xx_hal.o
                0x000000000800078c                HAL_GetTick
 .text.__NVIC_SetPriorityGrouping
                0x00000000080007a0       0x48 ./Drivers/STM32F1xx_HAL_Driver/Src/stm32f1xx_hal_cortex.o
 .text.__NVIC_GetPriorityGrouping
                0x00000000080007e8       0x1c ./Drivers/STM32F1xx_HAL_Driver/Src/stm32f1xx_hal_cortex.o
 .text.__NVIC_EnableIRQ
                0x0000000008000804       0x38 ./Drivers/STM32F1xx_HAL_Driver/Src/stm32f1xx_hal_cortex.o
 .text.__NVIC_SetPriority
                0x000000000800083c       0x54 ./Drivers/STM32F1xx_HAL_Driver/Src/stm32f1xx_hal_cortex.o
 .text.NVIC_EncodePriority
                0x0000000008000890       0x64 ./Drivers/STM32F1xx_HAL_Driver/Src/stm32f1xx_hal_cortex.o
 .text.SysTick_Config
                0x00000000080008f4       0x44 ./Drivers/STM32F1xx_HAL_Driver/Src/stm32f1xx_hal_cortex.o
 .text.HAL_NVIC_SetPriorityGrouping
                0x0000000008000938       0x16 ./Drivers/STM32F1xx_HAL_Driver/Src/stm32f1xx_hal_cortex.o
                0x0000000008000938                HAL_NVIC_SetPriorityGrouping
 .text.HAL_NVIC_SetPriority
                0x000000000800094e       0x38 ./Drivers/STM32F1xx_HAL_Driver/Src/stm32f1xx_hal_cortex.o
                0x000000000800094e                HAL_NVIC_SetPriority
 .text.HAL_NVIC_EnableIRQ
                0x0000000008000986       0x1c ./Drivers/STM32F1xx_HAL_Driver/Src/stm32f1xx_hal_cortex.o
                0x0000000008000986                HAL_NVIC_EnableIRQ
 .text.HAL_SYSTICK_Config
                0x00000000080009a2       0x18 ./Drivers/STM32F1xx_HAL_Driver/Src/stm32f1xx_hal_cortex.o
                0x00000000080009a2                HAL_SYSTICK_Config
 .text.HAL_DMA_Abort
                0x00000000080009ba       0x76 ./Drivers/STM32F1xx_HAL_Driver/Src/stm32f1xx_hal_dma.o
                0x00000000080009ba                HAL_DMA_Abort
 .text.HAL_DMA_Abort_IT
                0x0000000008000a30       0xf0 ./Drivers/STM32F1xx_HAL_Driver/Src/stm32f1xx_hal_dma.o
                0x0000000008000a30                HAL_DMA_Abort_IT
 .text.HAL_GPIO_Init
                0x0000000008000b20      0x308 ./Drivers/STM32F1xx_HAL_Driver/Src/stm32f1xx_hal_gpio.o
                0x0000000008000b20                HAL_GPIO_Init
 .text.HAL_GPIO_ReadPin
                0x0000000008000e28       0x2e ./Drivers/STM32F1xx_HAL_Driver/Src/stm32f1xx_hal_gpio.o
                0x0000000008000e28                HAL_GPIO_ReadPin
 .text.HAL_GPIO_WritePin
                0x0000000008000e56       0x30 ./Drivers/STM32F1xx_HAL_Driver/Src/stm32f1xx_hal_gpio.o
                0x0000000008000e56                HAL_GPIO_WritePin
 .text.HAL_GPIO_TogglePin
                0x0000000008000e86       0x32 ./Drivers/STM32F1xx_HAL_Driver/Src/stm32f1xx_hal_gpio.o
                0x0000000008000e86                HAL_GPIO_TogglePin
 .text.HAL_RCC_OscConfig
                0x0000000008000eb8      0x504 ./Drivers/STM32F1xx_HAL_Driver/Src/stm32f1xx_hal_rcc.o
                0x0000000008000eb8                HAL_RCC_OscConfig
 .text.HAL_RCC_ClockConfig
                0x00000000080013bc      0x1d4 ./Drivers/STM32F1xx_HAL_Driver/Src/stm32f1xx_hal_rcc.o
                0x00000000080013bc                HAL_RCC_ClockConfig
 .text.HAL_RCC_GetSysClockFreq
                0x0000000008001590       0xa8 ./Drivers/STM32F1xx_HAL_Driver/Src/stm32f1xx_hal_rcc.o
                0x0000000008001590                HAL_RCC_GetSysClockFreq
 .text.HAL_RCC_GetHCLKFreq
                0x0000000008001638       0x14 ./Drivers/STM32F1xx_HAL_Driver/Src/stm32f1xx_hal_rcc.o
                0x0000000008001638                HAL_RCC_GetHCLKFreq
 .text.HAL_RCC_GetPCLK1Freq
                0x000000000800164c       0x28 ./Drivers/STM32F1xx_HAL_Driver/Src/stm32f1xx_hal_rcc.o
                0x000000000800164c                HAL_RCC_GetPCLK1Freq
 .text.HAL_RCC_GetPCLK2Freq
                0x0000000008001674       0x28 ./Drivers/STM32F1xx_HAL_Driver/Src/stm32f1xx_hal_rcc.o
                0x0000000008001674                HAL_RCC_GetPCLK2Freq
 .text.RCC_Delay
                0x000000000800169c       0x3c ./Drivers/STM32F1xx_HAL_Driver/Src/stm32f1xx_hal_rcc.o
 .text.HAL_UART_Init
                0x00000000080016d8       0xa0 ./Drivers/STM32F1xx_HAL_Driver/Src/stm32f1xx_hal_uart.o
                0x00000000080016d8                HAL_UART_Init
 .text.HAL_UART_Receive_IT
                0x0000000008001778       0x4a ./Drivers/STM32F1xx_HAL_Driver/Src/stm32f1xx_hal_uart.o
                0x0000000008001778                HAL_UART_Receive_IT
 *fill*         0x00000000080017c2        0x2 
 .text.HAL_UART_IRQHandler
                0x00000000080017c4      0x524 ./Drivers/STM32F1xx_HAL_Driver/Src/stm32f1xx_hal_uart.o
                0x00000000080017c4                HAL_UART_IRQHandler
 .text.HAL_UART_TxCpltCallback
                0x0000000008001ce8       0x12 ./Drivers/STM32F1xx_HAL_Driver/Src/stm32f1xx_hal_uart.o
                0x0000000008001ce8                HAL_UART_TxCpltCallback
 .text.HAL_UART_ErrorCallback
                0x0000000008001cfa       0x12 ./Drivers/STM32F1xx_HAL_Driver/Src/stm32f1xx_hal_uart.o
                0x0000000008001cfa                HAL_UART_ErrorCallback
 .text.HAL_UARTEx_RxEventCallback
                0x0000000008001d0c       0x16 ./Drivers/STM32F1xx_HAL_Driver/Src/stm32f1xx_hal_uart.o
                0x0000000008001d0c                HAL_UARTEx_RxEventCallback
 .text.UART_Start_Receive_IT
                0x0000000008001d22       0x72 ./Drivers/STM32F1xx_HAL_Driver/Src/stm32f1xx_hal_uart.o
                0x0000000008001d22                UART_Start_Receive_IT
 .text.UART_EndRxTransfer
                0x0000000008001d94       0xc4 ./Drivers/STM32F1xx_HAL_Driver/Src/stm32f1xx_hal_uart.o
 .text.UART_DMAAbortOnError
                0x0000000008001e58       0x28 ./Drivers/STM32F1xx_HAL_Driver/Src/stm32f1xx_hal_uart.o
 .text.UART_Transmit_IT
                0x0000000008001e80       0x9e ./Drivers/STM32F1xx_HAL_Driver/Src/stm32f1xx_hal_uart.o
 .text.UART_EndTransmit_IT
                0x0000000008001f1e       0x30 ./Drivers/STM32F1xx_HAL_Driver/Src/stm32f1xx_hal_uart.o
 .text.UART_Receive_IT
                0x0000000008001f4e      0x17c ./Drivers/STM32F1xx_HAL_Driver/Src/stm32f1xx_hal_uart.o
 *fill*         0x00000000080020ca        0x2 
 .text.UART_SetConfig
                0x00000000080020cc      0x11c ./Drivers/STM32F1xx_HAL_Driver/Src/stm32f1xx_hal_uart.o
 .text.memset   0x00000000080021e8       0x10 O:/STM32CubeIDE_1.13.2/STM32CubeIDE/plugins/com.st.stm32cube.ide.mcu.externaltools.gnu-tools-for-stm32.11.3.rel1.win32_1.1.1.202309131626/tools/bin/../lib/gcc/arm-none-eabi/11.3.1/../../../../arm-none-eabi/lib/thumb/v7-m/nofp\libc_nano.a(libc_a-memset.o)
                0x00000000080021e8                memset
 .text.__libc_init_array
                0x00000000080021f8       0x48 O:/STM32CubeIDE_1.13.2/STM32CubeIDE/plugins/com.st.stm32cube.ide.mcu.externaltools.gnu-tools-for-stm32.11.3.rel1.win32_1.1.1.202309131626/tools/bin/../lib/gcc/arm-none-eabi/11.3.1/../../../../arm-none-eabi/lib/thumb/v7-m/nofp\libc_nano.a(libc_a-init.o)
                0x00000000080021f8                __libc_init_array
 *(.glue_7)
 .glue_7        0x0000000008002240        0x0 linker stubs
 *(.glue_7t)
 .glue_7t       0x0000000008002240        0x0 linker stubs
 *(.eh_frame)
 .eh_frame      0x0000000008002240        0x0 O:/STM32CubeIDE_1.13.2/STM32CubeIDE/plugins/com.st.stm32cube.ide.mcu.externaltools.gnu-tools-for-stm32.11.3.rel1.win32_1.1.1.202309131626/tools/bin/../lib/gcc/arm-none-eabi/11.3.1/thumb/v7-m/nofp/crtbegin.o
 *(.init)
 .init          0x0000000008002240        0x4 O:/STM32CubeIDE_1.13.2/STM32CubeIDE/plugins/com.st.stm32cube.ide.mcu.externaltools.gnu-tools-for-stm32.11.3.rel1.win32_1.1.1.202309131626/tools/bin/../lib/gcc/arm-none-eabi/11.3.1/thumb/v7-m/nofp/crti.o
                0x0000000008002240                _init
 .init          0x0000000008002244        0x8 O:/STM32CubeIDE_1.13.2/STM32CubeIDE/plugins/com.st.stm32cube.ide.mcu.externaltools.gnu-tools-for-stm32.11.3.rel1.win32_1.1.1.202309131626/tools/bin/../lib/gcc/arm-none-eabi/11.3.1/thumb/v7-m/nofp/crtn.o
 *(.fini)
 .fini          0x000000000800224c        0x4 O:/STM32CubeIDE_1.13.2/STM32CubeIDE/plugins/com.st.stm32cube.ide.mcu.externaltools.gnu-tools-for-stm32.11.3.rel1.win32_1.1.1.202309131626/tools/bin/../lib/gcc/arm-none-eabi/11.3.1/thumb/v7-m/nofp/crti.o
                0x000000000800224c                _fini
 .fini          0x0000000008002250        0x8 O:/STM32CubeIDE_1.13.2/STM32CubeIDE/plugins/com.st.stm32cube.ide.mcu.externaltools.gnu-tools-for-stm32.11.3.rel1.win32_1.1.1.202309131626/tools/bin/../lib/gcc/arm-none-eabi/11.3.1/thumb/v7-m/nofp/crtn.o
                0x0000000008002258                . = ALIGN (0x4)
                0x0000000008002258                _etext = .

.vfp11_veneer   0x0000000008002258        0x0
 .vfp11_veneer  0x0000000008002258        0x0 linker stubs

.v4_bx          0x0000000008002258        0x0
 .v4_bx         0x0000000008002258        0x0 linker stubs

.iplt           0x0000000008002258        0x0
 .iplt          0x0000000008002258        0x0 O:/STM32CubeIDE_1.13.2/STM32CubeIDE/plugins/com.st.stm32cube.ide.mcu.externaltools.gnu-tools-for-stm32.11.3.rel1.win32_1.1.1.202309131626/tools/bin/../lib/gcc/arm-none-eabi/11.3.1/thumb/v7-m/nofp/crtbegin.o

.rodata         0x0000000008002258       0x50
                0x0000000008002258                . = ALIGN (0x4)
 *(.rodata)
 .rodata        0x0000000008002258       0x22 ./Core/Src/main.o
 *(.rodata*)
 *fill*         0x000000000800227a        0x2 
 .rodata.AHBPrescTable
                0x000000000800227c       0x10 ./Core/Src/system_stm32f1xx.o
                0x000000000800227c                AHBPrescTable
 .rodata.APBPrescTable
                0x000000000800228c        0x8 ./Core/Src/system_stm32f1xx.o
                0x000000000800228c                APBPrescTable
 .rodata.aPLLMULFactorTable.1
                0x0000000008002294       0x10 ./Drivers/STM32F1xx_HAL_Driver/Src/stm32f1xx_hal_rcc.o
 .rodata.aPredivFactorTable.0
                0x00000000080022a4        0x2 ./Drivers/STM32F1xx_HAL_Driver/Src/stm32f1xx_hal_rcc.o
                0x00000000080022a8                . = ALIGN (0x4)
 *fill*         0x00000000080022a6        0x2 

.rel.dyn        0x00000000080022a8        0x0
 .rel.iplt      0x00000000080022a8        0x0 O:/STM32CubeIDE_1.13.2/STM32CubeIDE/plugins/com.st.stm32cube.ide.mcu.externaltools.gnu-tools-for-stm32.11.3.rel1.win32_1.1.1.202309131626/tools/bin/../lib/gcc/arm-none-eabi/11.3.1/thumb/v7-m/nofp/crtbegin.o

.ARM.extab      0x00000000080022a8        0x0
                0x00000000080022a8                . = ALIGN (0x4)
 *(.ARM.extab* .gnu.linkonce.armextab.*)
                0x00000000080022a8                . = ALIGN (0x4)

.ARM            0x00000000080022a8        0x0
                0x00000000080022a8                . = ALIGN (0x4)
                0x00000000080022a8                __exidx_start = .
 *(.ARM.exidx*)
                0x00000000080022a8                __exidx_end = .
                0x00000000080022a8                . = ALIGN (0x4)

.preinit_array  0x00000000080022a8        0x0
                0x00000000080022a8                . = ALIGN (0x4)
                0x00000000080022a8                PROVIDE (__preinit_array_start = .)
 *(.preinit_array*)
                0x00000000080022a8                PROVIDE (__preinit_array_end = .)
                0x00000000080022a8                . = ALIGN (0x4)

.init_array     0x00000000080022a8        0x4
                0x00000000080022a8                . = ALIGN (0x4)
                0x00000000080022a8                PROVIDE (__init_array_start = .)
 *(SORT_BY_NAME(.init_array.*))
 *(.init_array*)
 .init_array    0x00000000080022a8        0x4 O:/STM32CubeIDE_1.13.2/STM32CubeIDE/plugins/com.st.stm32cube.ide.mcu.externaltools.gnu-tools-for-stm32.11.3.rel1.win32_1.1.1.202309131626/tools/bin/../lib/gcc/arm-none-eabi/11.3.1/thumb/v7-m/nofp/crtbegin.o
                0x00000000080022ac                PROVIDE (__init_array_end = .)
                0x00000000080022ac                . = ALIGN (0x4)

.fini_array     0x00000000080022ac        0x4
                0x00000000080022ac                . = ALIGN (0x4)
                [!provide]                        PROVIDE (__fini_array_start = .)
 *(SORT_BY_NAME(.fini_array.*))
 *(.fini_array*)
 .fini_array    0x00000000080022ac        0x4 O:/STM32CubeIDE_1.13.2/STM32CubeIDE/plugins/com.st.stm32cube.ide.mcu.externaltools.gnu-tools-for-stm32.11.3.rel1.win32_1.1.1.202309131626/tools/bin/../lib/gcc/arm-none-eabi/11.3.1/thumb/v7-m/nofp/crtbegin.o
                [!provide]                        PROVIDE (__fini_array_end = .)
                0x00000000080022b0                . = ALIGN (0x4)
                0x00000000080022b0                _sidata = LOADADDR (.data)

.data           0x0000000020000000        0xc load address 0x00000000080022b0
                0x0000000020000000                . = ALIGN (0x4)
                0x0000000020000000                _sdata = .
 *(.data)
 *(.data*)
 .data.SystemCoreClock
                0x0000000020000000        0x4 ./Core/Src/system_stm32f1xx.o
                0x0000000020000000                SystemCoreClock
 .data.uwTickPrio
                0x0000000020000004        0x4 ./Drivers/STM32F1xx_HAL_Driver/Src/stm32f1xx_hal.o
                0x0000000020000004                uwTickPrio
 .data.uwTickFreq
                0x0000000020000008        0x1 ./Drivers/STM32F1xx_HAL_Driver/Src/stm32f1xx_hal.o
                0x0000000020000008                uwTickFreq
 *(.RamFunc)
 *(.RamFunc*)
                0x000000002000000c                . = ALIGN (0x4)
 *fill*         0x0000000020000009        0x3 
                0x000000002000000c                _edata = .

.igot.plt       0x000000002000000c        0x0 load address 0x00000000080022bc
 .igot.plt      0x000000002000000c        0x0 O:/STM32CubeIDE_1.13.2/STM32CubeIDE/plugins/com.st.stm32cube.ide.mcu.externaltools.gnu-tools-for-stm32.11.3.rel1.win32_1.1.1.202309131626/tools/bin/../lib/gcc/arm-none-eabi/11.3.1/thumb/v7-m/nofp/crtbegin.o
                0x000000002000000c                . = ALIGN (0x4)

.bss            0x000000002000000c       0x88 load address 0x00000000080022bc
                0x000000002000000c                _sbss = .
                0x000000002000000c                __bss_start__ = _sbss
 *(.bss)
 .bss           0x000000002000000c       0x1c O:/STM32CubeIDE_1.13.2/STM32CubeIDE/plugins/com.st.stm32cube.ide.mcu.externaltools.gnu-tools-for-stm32.11.3.rel1.win32_1.1.1.202309131626/tools/bin/../lib/gcc/arm-none-eabi/11.3.1/thumb/v7-m/nofp/crtbegin.o
 *(.bss*)
 .bss.huart1    0x0000000020000028       0x48 ./Core/Src/main.o
                0x0000000020000028                huart1
 .bss.LED_Task_Handle
                0x0000000020000070        0x4 ./Core/Src/main.o
                0x0000000020000070                LED_Task_Handle
 .bss.UART_Task_Handle
                0x0000000020000074        0x4 ./Core/Src/main.o
                0x0000000020000074                UART_Task_Handle
 .bss.Switch_Task_Handle
                0x0000000020000078        0x4 ./Core/Src/main.o
                0x0000000020000078                Switch_Task_Handle
 .bss.UART_Semaphore
                0x000000002000007c        0x4 ./Core/Src/main.o
                0x000000002000007c                UART_Semaphore
 .bss.Queue_LED
                0x0000000020000080        0x4 ./Core/Src/main.o
                0x0000000020000080                Queue_LED
 .bss.rxBuffer  0x0000000020000084        0xc ./Core/Src/main.o
                0x0000000020000084                rxBuffer
 .bss.uwTick    0x0000000020000090        0x4 ./Drivers/STM32F1xx_HAL_Driver/Src/stm32f1xx_hal.o
                0x0000000020000090                uwTick
 *(COMMON)
                0x0000000020000094                . = ALIGN (0x4)
                0x0000000020000094                _ebss = .
                0x0000000020000094                __bss_end__ = _ebss

._user_heap_stack
                0x0000000020000094      0x604 load address 0x00000000080022bc
                0x0000000020000098                . = ALIGN (0x8)
 *fill*         0x0000000020000094        0x4 
                [!provide]                        PROVIDE (end = .)
                0x0000000020000098                PROVIDE (_end = .)
                0x0000000020000298                . = (. + _Min_Heap_Size)
 *fill*         0x0000000020000098      0x200 
                0x0000000020000698                . = (. + _Min_Stack_Size)
 *fill*         0x0000000020000298      0x400 
                0x0000000020000698                . = ALIGN (0x8)

/DISCARD/
 libc.a(*)
 libm.a(*)
 libgcc.a(*)

.ARM.attributes
                0x0000000000000000       0x29
 *(.ARM.attributes)
 .ARM.attributes
                0x0000000000000000       0x1d O:/STM32CubeIDE_1.13.2/STM32CubeIDE/plugins/com.st.stm32cube.ide.mcu.externaltools.gnu-tools-for-stm32.11.3.rel1.win32_1.1.1.202309131626/tools/bin/../lib/gcc/arm-none-eabi/11.3.1/thumb/v7-m/nofp/crti.o
 .ARM.attributes
                0x000000000000001d       0x2d O:/STM32CubeIDE_1.13.2/STM32CubeIDE/plugins/com.st.stm32cube.ide.mcu.externaltools.gnu-tools-for-stm32.11.3.rel1.win32_1.1.1.202309131626/tools/bin/../lib/gcc/arm-none-eabi/11.3.1/thumb/v7-m/nofp/crtbegin.o
 .ARM.attributes
                0x000000000000004a       0x2d ./Core/Src/main.o
 .ARM.attributes
                0x0000000000000077       0x2d ./Core/Src/stm32f1xx_hal_msp.o
 .ARM.attributes
                0x00000000000000a4       0x2d ./Core/Src/stm32f1xx_it.o
 .ARM.attributes
                0x00000000000000d1       0x2d ./Core/Src/system_stm32f1xx.o
 .ARM.attributes
                0x00000000000000fe       0x21 ./Core/Startup/startup_stm32f103c8tx.o
 .ARM.attributes
                0x000000000000011f       0x2d ./Drivers/STM32F1xx_HAL_Driver/Src/stm32f1xx_hal.o
 .ARM.attributes
                0x000000000000014c       0x2d ./Drivers/STM32F1xx_HAL_Driver/Src/stm32f1xx_hal_cortex.o
 .ARM.attributes
                0x0000000000000179       0x2d ./Drivers/STM32F1xx_HAL_Driver/Src/stm32f1xx_hal_dma.o
 .ARM.attributes
                0x00000000000001a6       0x2d ./Drivers/STM32F1xx_HAL_Driver/Src/stm32f1xx_hal_gpio.o
 .ARM.attributes
                0x00000000000001d3       0x2d ./Drivers/STM32F1xx_HAL_Driver/Src/stm32f1xx_hal_rcc.o
 .ARM.attributes
                0x0000000000000200       0x2d ./Drivers/STM32F1xx_HAL_Driver/Src/stm32f1xx_hal_uart.o
 .ARM.attributes
                0x000000000000022d       0x2d O:/STM32CubeIDE_1.13.2/STM32CubeIDE/plugins/com.st.stm32cube.ide.mcu.externaltools.gnu-tools-for-stm32.11.3.rel1.win32_1.1.1.202309131626/tools/bin/../lib/gcc/arm-none-eabi/11.3.1/../../../../arm-none-eabi/lib/thumb/v7-m/nofp\libc_nano.a(libc_a-memset.o)
 .ARM.attributes
                0x000000000000025a       0x2d O:/STM32CubeIDE_1.13.2/STM32CubeIDE/plugins/com.st.stm32cube.ide.mcu.externaltools.gnu-tools-for-stm32.11.3.rel1.win32_1.1.1.202309131626/tools/bin/../lib/gcc/arm-none-eabi/11.3.1/../../../../arm-none-eabi/lib/thumb/v7-m/nofp\libc_nano.a(libc_a-init.o)
 .ARM.attributes
                0x0000000000000287       0x1d O:/STM32CubeIDE_1.13.2/STM32CubeIDE/plugins/com.st.stm32cube.ide.mcu.externaltools.gnu-tools-for-stm32.11.3.rel1.win32_1.1.1.202309131626/tools/bin/../lib/gcc/arm-none-eabi/11.3.1/thumb/v7-m/nofp/crtn.o
OUTPUT(EX2FreeRTOS_LED.elf elf32-littlearm)
LOAD linker stubs
LOAD O:/STM32CubeIDE_1.13.2/STM32CubeIDE/plugins/com.st.stm32cube.ide.mcu.externaltools.gnu-tools-for-stm32.11.3.rel1.win32_1.1.1.202309131626/tools/bin/../lib/gcc/arm-none-eabi/11.3.1/../../../../arm-none-eabi/lib/thumb/v7-m/nofp\libc.a
LOAD O:/STM32CubeIDE_1.13.2/STM32CubeIDE/plugins/com.st.stm32cube.ide.mcu.externaltools.gnu-tools-for-stm32.11.3.rel1.win32_1.1.1.202309131626/tools/bin/../lib/gcc/arm-none-eabi/11.3.1/../../../../arm-none-eabi/lib/thumb/v7-m/nofp\libm.a
LOAD O:/STM32CubeIDE_1.13.2/STM32CubeIDE/plugins/com.st.stm32cube.ide.mcu.externaltools.gnu-tools-for-stm32.11.3.rel1.win32_1.1.1.202309131626/tools/bin/../lib/gcc/arm-none-eabi/11.3.1/thumb/v7-m/nofp\libgcc.a

.comment        0x0000000000000000       0x43
 .comment       0x0000000000000000       0x43 O:/STM32CubeIDE_1.13.2/STM32CubeIDE/plugins/com.st.stm32cube.ide.mcu.externaltools.gnu-tools-for-stm32.11.3.rel1.win32_1.1.1.202309131626/tools/bin/../lib/gcc/arm-none-eabi/11.3.1/thumb/v7-m/nofp/crtbegin.o
                                         0x44 (size before relaxing)
 .comment       0x0000000000000043       0x44 ./Core/Src/main.o
 .comment       0x0000000000000043       0x44 ./Core/Src/stm32f1xx_hal_msp.o
 .comment       0x0000000000000043       0x44 ./Core/Src/stm32f1xx_it.o
 .comment       0x0000000000000043       0x44 ./Core/Src/system_stm32f1xx.o
 .comment       0x0000000000000043       0x44 ./Drivers/STM32F1xx_HAL_Driver/Src/stm32f1xx_hal.o
 .comment       0x0000000000000043       0x44 ./Drivers/STM32F1xx_HAL_Driver/Src/stm32f1xx_hal_cortex.o
 .comment       0x0000000000000043       0x44 ./Drivers/STM32F1xx_HAL_Driver/Src/stm32f1xx_hal_dma.o
 .comment       0x0000000000000043       0x44 ./Drivers/STM32F1xx_HAL_Driver/Src/stm32f1xx_hal_gpio.o
 .comment       0x0000000000000043       0x44 ./Drivers/STM32F1xx_HAL_Driver/Src/stm32f1xx_hal_rcc.o
 .comment       0x0000000000000043       0x44 ./Drivers/STM32F1xx_HAL_Driver/Src/stm32f1xx_hal_uart.o

.debug_info     0x0000000000000000     0x7485
 .debug_info    0x0000000000000000      0xd39 ./Core/Src/main.o
 .debug_info    0x0000000000000d39      0x990 ./Core/Src/stm32f1xx_hal_msp.o
 .debug_info    0x00000000000016c9      0x5f2 ./Core/Src/stm32f1xx_it.o
 .debug_info    0x0000000000001cbb      0x222 ./Core/Src/system_stm32f1xx.o
 .debug_info    0x0000000000001edd       0x23 ./Core/Startup/startup_stm32f103c8tx.o
 .debug_info    0x0000000000001f00      0x704 ./Drivers/STM32F1xx_HAL_Driver/Src/stm32f1xx_hal.o
 .debug_info    0x0000000000002604      0xa87 ./Drivers/STM32F1xx_HAL_Driver/Src/stm32f1xx_hal_cortex.o
 .debug_info    0x000000000000308b      0x6d2 ./Drivers/STM32F1xx_HAL_Driver/Src/stm32f1xx_hal_dma.o
 .debug_info    0x000000000000375d      0x5ab ./Drivers/STM32F1xx_HAL_Driver/Src/stm32f1xx_hal_gpio.o
 .debug_info    0x0000000000003d08      0x7d5 ./Drivers/STM32F1xx_HAL_Driver/Src/stm32f1xx_hal_rcc.o
 .debug_info    0x00000000000044dd     0x2fa8 ./Drivers/STM32F1xx_HAL_Driver/Src/stm32f1xx_hal_uart.o

.debug_abbrev   0x0000000000000000     0x1607
 .debug_abbrev  0x0000000000000000      0x2fd ./Core/Src/main.o
 .debug_abbrev  0x00000000000002fd      0x1ca ./Core/Src/stm32f1xx_hal_msp.o
 .debug_abbrev  0x00000000000004c7      0x176 ./Core/Src/stm32f1xx_it.o
 .debug_abbrev  0x000000000000063d      0x13f ./Core/Src/system_stm32f1xx.o
 .debug_abbrev  0x000000000000077c       0x12 ./Core/Startup/startup_stm32f103c8tx.o
 .debug_abbrev  0x000000000000078e      0x201 ./Drivers/STM32F1xx_HAL_Driver/Src/stm32f1xx_hal.o
 .debug_abbrev  0x000000000000098f      0x2f8 ./Drivers/STM32F1xx_HAL_Driver/Src/stm32f1xx_hal_cortex.o
 .debug_abbrev  0x0000000000000c87      0x20b ./Drivers/STM32F1xx_HAL_Driver/Src/stm32f1xx_hal_dma.o
 .debug_abbrev  0x0000000000000e92      0x1ca ./Drivers/STM32F1xx_HAL_Driver/Src/stm32f1xx_hal_gpio.o
 .debug_abbrev  0x000000000000105c      0x2b3 ./Drivers/STM32F1xx_HAL_Driver/Src/stm32f1xx_hal_rcc.o
 .debug_abbrev  0x000000000000130f      0x2f8 ./Drivers/STM32F1xx_HAL_Driver/Src/stm32f1xx_hal_uart.o

.debug_aranges  0x0000000000000000      0x6a0
 .debug_aranges
                0x0000000000000000       0x68 ./Core/Src/main.o
 .debug_aranges
                0x0000000000000068       0x30 ./Core/Src/stm32f1xx_hal_msp.o
 .debug_aranges
                0x0000000000000098       0x68 ./Core/Src/stm32f1xx_it.o
 .debug_aranges
                0x0000000000000100       0x28 ./Core/Src/system_stm32f1xx.o
 .debug_aranges
                0x0000000000000128       0x28 ./Core/Startup/startup_stm32f103c8tx.o
 .debug_aranges
                0x0000000000000150       0xe0 ./Drivers/STM32F1xx_HAL_Driver/Src/stm32f1xx_hal.o
 .debug_aranges
                0x0000000000000230      0x100 ./Drivers/STM32F1xx_HAL_Driver/Src/stm32f1xx_hal_cortex.o
 .debug_aranges
                0x0000000000000330       0x80 ./Drivers/STM32F1xx_HAL_Driver/Src/stm32f1xx_hal_dma.o
 .debug_aranges
                0x00000000000003b0       0x58 ./Drivers/STM32F1xx_HAL_Driver/Src/stm32f1xx_hal_gpio.o
 .debug_aranges
                0x0000000000000408       0x90 ./Drivers/STM32F1xx_HAL_Driver/Src/stm32f1xx_hal_rcc.o
 .debug_aranges
                0x0000000000000498      0x208 ./Drivers/STM32F1xx_HAL_Driver/Src/stm32f1xx_hal_uart.o

.debug_rnglists
                0x0000000000000000      0x511
 .debug_rnglists
                0x0000000000000000       0x4c ./Core/Src/main.o
 .debug_rnglists
                0x000000000000004c       0x20 ./Core/Src/stm32f1xx_hal_msp.o
 .debug_rnglists
                0x000000000000006c       0x49 ./Core/Src/stm32f1xx_it.o
 .debug_rnglists
                0x00000000000000b5       0x1a ./Core/Src/system_stm32f1xx.o
 .debug_rnglists
                0x00000000000000cf       0x19 ./Core/Startup/startup_stm32f103c8tx.o
 .debug_rnglists
                0x00000000000000e8       0xa3 ./Drivers/STM32F1xx_HAL_Driver/Src/stm32f1xx_hal.o
 .debug_rnglists
                0x000000000000018b       0xbb ./Drivers/STM32F1xx_HAL_Driver/Src/stm32f1xx_hal_cortex.o
 .debug_rnglists
                0x0000000000000246       0x64 ./Drivers/STM32F1xx_HAL_Driver/Src/stm32f1xx_hal_dma.o
 .debug_rnglists
                0x00000000000002aa       0x3f ./Drivers/STM32F1xx_HAL_Driver/Src/stm32f1xx_hal_gpio.o
 .debug_rnglists
                0x00000000000002e9       0x6c ./Drivers/STM32F1xx_HAL_Driver/Src/stm32f1xx_hal_rcc.o
 .debug_rnglists
                0x0000000000000355      0x1bc ./Drivers/STM32F1xx_HAL_Driver/Src/stm32f1xx_hal_uart.o

.debug_macro    0x0000000000000000    0x178a4
 .debug_macro   0x0000000000000000      0x256 ./Core/Src/main.o
 .debug_macro   0x0000000000000256      0xa9c ./Core/Src/main.o
 .debug_macro   0x0000000000000cf2      0x215 ./Core/Src/main.o
 .debug_macro   0x0000000000000f07       0x2e ./Core/Src/main.o
 .debug_macro   0x0000000000000f35       0x22 ./Core/Src/main.o
 .debug_macro   0x0000000000000f57       0x22 ./Core/Src/main.o
 .debug_macro   0x0000000000000f79       0x8e ./Core/Src/main.o
 .debug_macro   0x0000000000001007       0x51 ./Core/Src/main.o
 .debug_macro   0x0000000000001058      0x103 ./Core/Src/main.o
 .debug_macro   0x000000000000115b       0x6a ./Core/Src/main.o
 .debug_macro   0x00000000000011c5      0x1df ./Core/Src/main.o
 .debug_macro   0x00000000000013a4       0x1c ./Core/Src/main.o
 .debug_macro   0x00000000000013c0       0x22 ./Core/Src/main.o
 .debug_macro   0x00000000000013e2       0xbd ./Core/Src/main.o
 .debug_macro   0x000000000000149f      0xd23 ./Core/Src/main.o
 .debug_macro   0x00000000000021c2     0xe09e ./Core/Src/main.o
 .debug_macro   0x0000000000010260       0x6d ./Core/Src/main.o
 .debug_macro   0x00000000000102cd     0x348d ./Core/Src/main.o
 .debug_macro   0x000000000001375a      0x174 ./Core/Src/main.o
 .debug_macro   0x00000000000138ce       0x5c ./Core/Src/main.o
 .debug_macro   0x000000000001392a      0x5bc ./Core/Src/main.o
 .debug_macro   0x0000000000013ee6      0x289 ./Core/Src/main.o
 .debug_macro   0x000000000001416f      0x1cb ./Core/Src/main.o
 .debug_macro   0x000000000001433a      0x114 ./Core/Src/main.o
 .debug_macro   0x000000000001444e      0x1b2 ./Core/Src/main.o
 .debug_macro   0x0000000000014600       0x27 ./Core/Src/main.o
 .debug_macro   0x0000000000014627      0x136 ./Core/Src/main.o
 .debug_macro   0x000000000001475d      0x1bc ./Core/Src/main.o
 .debug_macro   0x0000000000014919       0x34 ./Core/Src/main.o
 .debug_macro   0x000000000001494d       0x3c ./Core/Src/main.o
 .debug_macro   0x0000000000014989       0x57 ./Core/Src/main.o
 .debug_macro   0x00000000000149e0       0x87 ./Core/Src/main.o
 .debug_macro   0x0000000000014a67      0x240 ./Core/Src/main.o
 .debug_macro   0x0000000000014ca7      0x140 ./Core/Src/main.o
 .debug_macro   0x0000000000014de7      0x28e ./Core/Src/main.o
 .debug_macro   0x0000000000015075       0x83 ./Core/Src/main.o
 .debug_macro   0x00000000000150f8       0x22 ./Core/Src/main.o
 .debug_macro   0x000000000001511a       0x16 ./Core/Src/main.o
 .debug_macro   0x0000000000015130       0x94 ./Core/Src/main.o
 .debug_macro   0x00000000000151c4       0x1c ./Core/Src/main.o
 .debug_macro   0x00000000000151e0      0x182 ./Core/Src/main.o
 .debug_macro   0x0000000000015362       0xe7 ./Core/Src/main.o
 .debug_macro   0x0000000000015449       0x28 ./Core/Src/main.o
 .debug_macro   0x0000000000015471       0x1f ./Core/Src/main.o
 .debug_macro   0x0000000000015490       0x12 ./Core/Src/main.o
 .debug_macro   0x00000000000154a2     0x1104 ./Core/Src/main.o
 .debug_macro   0x00000000000165a6       0xc3 ./Core/Src/main.o
 .debug_macro   0x0000000000016669      0x14f ./Core/Src/main.o
 .debug_macro   0x00000000000167b8       0x80 ./Core/Src/main.o
 .debug_macro   0x0000000000016838       0x62 ./Core/Src/main.o
 .debug_macro   0x000000000001689a      0x23e ./Core/Src/stm32f1xx_hal_msp.o
 .debug_macro   0x0000000000016ad8      0x248 ./Core/Src/stm32f1xx_it.o
 .debug_macro   0x0000000000016d20      0x18e ./Core/Src/system_stm32f1xx.o
 .debug_macro   0x0000000000016eae      0x1b2 ./Drivers/STM32F1xx_HAL_Driver/Src/stm32f1xx_hal.o
 .debug_macro   0x0000000000017060      0x18e ./Drivers/STM32F1xx_HAL_Driver/Src/stm32f1xx_hal_cortex.o
 .debug_macro   0x00000000000171ee      0x18e ./Drivers/STM32F1xx_HAL_Driver/Src/stm32f1xx_hal_dma.o
 .debug_macro   0x000000000001737c      0x1f9 ./Drivers/STM32F1xx_HAL_Driver/Src/stm32f1xx_hal_gpio.o
 .debug_macro   0x0000000000017575      0x1a0 ./Drivers/STM32F1xx_HAL_Driver/Src/stm32f1xx_hal_rcc.o
 .debug_macro   0x0000000000017715      0x18f ./Drivers/STM32F1xx_HAL_Driver/Src/stm32f1xx_hal_uart.o

.debug_line     0x0000000000000000     0x84da
 .debug_line    0x0000000000000000      0x9b0 ./Core/Src/main.o
 .debug_line    0x00000000000009b0      0x82f ./Core/Src/stm32f1xx_hal_msp.o
 .debug_line    0x00000000000011df      0x8b2 ./Core/Src/stm32f1xx_it.o
 .debug_line    0x0000000000001a91      0x73e ./Core/Src/system_stm32f1xx.o
 .debug_line    0x00000000000021cf       0x78 ./Core/Startup/startup_stm32f103c8tx.o
 .debug_line    0x0000000000002247      0x96b ./Drivers/STM32F1xx_HAL_Driver/Src/stm32f1xx_hal.o
 .debug_line    0x0000000000002bb2      0xb53 ./Drivers/STM32F1xx_HAL_Driver/Src/stm32f1xx_hal_cortex.o
 .debug_line    0x0000000000003705      0xdc4 ./Drivers/STM32F1xx_HAL_Driver/Src/stm32f1xx_hal_dma.o
 .debug_line    0x00000000000044c9      0xa04 ./Drivers/STM32F1xx_HAL_Driver/Src/stm32f1xx_hal_gpio.o
 .debug_line    0x0000000000004ecd      0xd74 ./Drivers/STM32F1xx_HAL_Driver/Src/stm32f1xx_hal_rcc.o
 .debug_line    0x0000000000005c41     0x2899 ./Drivers/STM32F1xx_HAL_Driver/Src/stm32f1xx_hal_uart.o

.debug_str      0x0000000000000000    0x898b8
 .debug_str     0x0000000000000000    0x880ba ./Core/Src/main.o
                                      0x884cc (size before relaxing)
 .debug_str     0x00000000000880ba      0x338 ./Core/Src/stm32f1xx_hal_msp.o
                                      0x883de (size before relaxing)
 .debug_str     0x00000000000883f2       0xef ./Core/Src/stm32f1xx_it.o
                                      0x8808e (size before relaxing)
 .debug_str     0x00000000000884e1       0x7e ./Core/Src/system_stm32f1xx.o
                                      0x7c8a9 (size before relaxing)
 .debug_str     0x000000000008855f       0x34 ./Core/Startup/startup_stm32f103c8tx.o
                                         0x55 (size before relaxing)
 .debug_str     0x0000000000088593      0x38e ./Drivers/STM32F1xx_HAL_Driver/Src/stm32f1xx_hal.o
                                      0x7cfdc (size before relaxing)
 .debug_str     0x0000000000088921      0x294 ./Drivers/STM32F1xx_HAL_Driver/Src/stm32f1xx_hal_cortex.o
                                      0x7cf28 (size before relaxing)
 .debug_str     0x0000000000088bb5      0x23a ./Drivers/STM32F1xx_HAL_Driver/Src/stm32f1xx_hal_dma.o
                                      0x7cc52 (size before relaxing)
 .debug_str     0x0000000000088def      0x2bd ./Drivers/STM32F1xx_HAL_Driver/Src/stm32f1xx_hal_gpio.o
                                      0x7cc2f (size before relaxing)
 .debug_str     0x00000000000890ac      0x229 ./Drivers/STM32F1xx_HAL_Driver/Src/stm32f1xx_hal_rcc.o
                                      0x7ccd8 (size before relaxing)
 .debug_str     0x00000000000892d5      0x5e3 ./Drivers/STM32F1xx_HAL_Driver/Src/stm32f1xx_hal_uart.o
                                      0x7d349 (size before relaxing)

.debug_frame    0x0000000000000000     0x199c
 .debug_frame   0x0000000000000000      0x14c ./Core/Src/main.o
 .debug_frame   0x000000000000014c       0x80 ./Core/Src/stm32f1xx_hal_msp.o
 .debug_frame   0x00000000000001cc      0x120 ./Core/Src/stm32f1xx_it.o
 .debug_frame   0x00000000000002ec       0x58 ./Core/Src/system_stm32f1xx.o
 .debug_frame   0x0000000000000344      0x334 ./Drivers/STM32F1xx_HAL_Driver/Src/stm32f1xx_hal.o
 .debug_frame   0x0000000000000678      0x428 ./Drivers/STM32F1xx_HAL_Driver/Src/stm32f1xx_hal_cortex.o
 .debug_frame   0x0000000000000aa0      0x208 ./Drivers/STM32F1xx_HAL_Driver/Src/stm32f1xx_hal_dma.o
 .debug_frame   0x0000000000000ca8      0x14c ./Drivers/STM32F1xx_HAL_Driver/Src/stm32f1xx_hal_gpio.o
 .debug_frame   0x0000000000000df4      0x218 ./Drivers/STM32F1xx_HAL_Driver/Src/stm32f1xx_hal_rcc.o
 .debug_frame   0x000000000000100c      0x944 ./Drivers/STM32F1xx_HAL_Driver/Src/stm32f1xx_hal_uart.o
 .debug_frame   0x0000000000001950       0x20 O:/STM32CubeIDE_1.13.2/STM32CubeIDE/plugins/com.st.stm32cube.ide.mcu.externaltools.gnu-tools-for-stm32.11.3.rel1.win32_1.1.1.202309131626/tools/bin/../lib/gcc/arm-none-eabi/11.3.1/../../../../arm-none-eabi/lib/thumb/v7-m/nofp\libc_nano.a(libc_a-memset.o)
 .debug_frame   0x0000000000001970       0x2c O:/STM32CubeIDE_1.13.2/STM32CubeIDE/plugins/com.st.stm32cube.ide.mcu.externaltools.gnu-tools-for-stm32.11.3.rel1.win32_1.1.1.202309131626/tools/bin/../lib/gcc/arm-none-eabi/11.3.1/../../../../arm-none-eabi/lib/thumb/v7-m/nofp\libc_nano.a(libc_a-init.o)

.debug_line_str
                0x0000000000000000       0x49
 .debug_line_str
                0x0000000000000000       0x49 ./Core/Startup/startup_stm32f103c8tx.o
                                         0x61 (size before relaxing)
